
> academic_forum@0.1.0 build
> next build

   鈻?Next.js 15.1.6
   - Environments: .env.local

   Creating an optimized production build ...
npm : <w> 
[webpack.cache.PackFileCacheStrategy] 
Serializing big strings (130kiB) impacts 
deserialization performance (consider 
using Buffer instead and decode when 
needed)
所在位置 行:1 字符: 1
+ npm run build > build-output.txt 2>&1; 
if ($LASTEXITCODE -eq 0) { Wri ...
+ ~~~~~~~~~~~~~~~~~~~~~~~~~~~~~~~~~~~~~
    + CategoryInfo          : NotSpecified 
   : (<w> [webpack.ca...de when needed):S  
  tring) [], RemoteException
    + FullyQualifiedErrorId : NativeComman 
   dError
 
 鈿?Compiled with warnings

./node_modules/@supabase/realtime-js/dist/m
odule/lib/websocket-factory.js
A Node.js API is used (process.versions at 
line: 39) which is not supported in the 
Edge Runtime.
Learn more: https://nextjs.org/docs/api-ref
erence/edge-runtime

Import trace for requested module:
./node_modules/@supabase/realtime-js/dist/m
odule/lib/websocket-factory.js
./node_modules/@supabase/realtime-js/dist/m
odule/index.js
./node_modules/@supabase/supabase-js/dist/i
ndex.mjs
./node_modules/@supabase/ssr/dist/module/cr
eateBrowserClient.js
./node_modules/@supabase/ssr/dist/module/in
dex.js
./src/lib/supabase/middleware.ts

./node_modules/@supabase/supabase-js/dist/i
ndex.mjs
A Node.js API is used (process.version at 
line: 395) which is not supported in the 
Edge Runtime.
Learn more: https://nextjs.org/docs/api-ref
erence/edge-runtime

Import trace for requested module:
./node_modules/@supabase/supabase-js/dist/i
ndex.mjs
./node_modules/@supabase/ssr/dist/module/cr
eateBrowserClient.js
./node_modules/@supabase/ssr/dist/module/in
dex.js
./src/lib/supabase/middleware.ts

 鉁?Compiled successfully
   Linting and checking validity of types ...

./src/app/api/og/route.tsx
222:29  Warning: Using `<img>` could result in slower LCP and higher bandwidth. Consider using `<Image />` from `next/image` or a custom image loader to automatically optimize images. This may incur additional usage or cost from your provider. See: https://nextjs.org/docs/messages/no-img-element  @next/next/no-img-element
222:29  Warning: img elements must have an alt prop, either with meaningful text, or an empty string for decorative images.  jsx-a11y/alt-text

./src/components/chat/FilePreview.tsx
104:21  Warning: Using `<img>` could result in slower LCP and higher bandwidth. Consider using `<Image />` from `next/image` or a custom image loader to automatically optimize images. This may incur additional usage or cost from your provider. See: https://nextjs.org/docs/messages/no-img-element  @next/next/no-img-element
133:29  Warning: Using `<img>` could result in slower LCP and higher bandwidth. Consider using `<Image />` from `next/image` or a custom image loader to automatically optimize images. This may incur additional usage or cost from your provider. See: https://nextjs.org/docs/messages/no-img-element  @next/next/no-img-element

./src/components/dashboard/PostCard.tsx
215:25  Warning: Using `<img>` could result in slower LCP and higher bandwidth. Consider using `<Image />` from `next/image` or a custom image loader to automatically optimize images. This may incur additional usage or cost from your provider. See: https://nextjs.org/docs/messages/no-img-element  @next/next/no-img-element

./src/hooks/useMessages.ts
425:9  Warning: React Hook useCallback has a missing dependency: 'REVOKE_TIME_LIMIT_MS'. Either include it or remove the dependency array.  react-hooks/exhaustive-deps

info  - Need to disable some ESLint rules? Learn more here: https://nextjs.org/docs/app/api-reference/config/eslint#disabling-rules
   Collecting page data ...
 鈿?Using edge runtime on a page currently 
disables static generation for that page
   Generating static pages (0/25) ...
   Generating static pages (6/25) 
   Generating static pages (12/25) 
   Generating static pages (18/25) 
 鉁?Generating static pages (25/25)
   Finalizing page optimization ...
   Collecting build traces ...

Route (app)                              Size     First Load JS
鈹?鈼?/                                    5.28 kB         163 kB
鈹?鈼?/_not-found                          990 B           107 kB
鈹?茠 /announcements/launch-2026           4.1 kB          162 kB
鈹?茠 /announcements/tutorials             4.47 kB         162 kB
鈹?茠 /api/cron/cleanup-expired-files      177 B           106 kB
鈹?茠 /api/duel/analyze                    177 B           106 kB
鈹?茠 /api/generate                        177 B           106 kB
鈹?茠 /api/keep-alive                      177 B           106 kB
鈹?茠 /api/messages/download               177 B           106 kB
鈹?茠 /api/messages/revoke                 177 B           106 kB
鈹?茠 /api/messages/upload                 177 B           106 kB
鈹?茠 /api/og                              177 B           106 kB
鈹?茠 /api/upload                          177 B           106 kB
鈹?茠 /auth/callback                       177 B           106 kB
鈹?茠 /cny                                 11.4 kB         165 kB
鈹?茠 /dashboard                           19 kB           293 kB
鈹?鈼?/debug                               1.96 kB         161 kB
鈹?茠 /duels                               5.11 kB         276 kB
鈹?茠 /duels/[id]                          9.25 kB         767 kB
鈹?茠 /favorites                           4.02 kB         224 kB
鈹?鈼?/forgot-password                     3.6 kB          202 kB
鈹?茠 /friends                             5.74 kB         214 kB
鈹?鈼?/login                               6.74 kB         255 kB
鈹?茠 /messages                            98.4 kB         516 kB
鈹?鈼?/notifications                       8.37 kB         189 kB
鈹?茠 /posts/[id]                          21 kB           653 kB
鈹?茠 /posts/[id]/edit                     5.39 kB         743 kB
鈹?茠 /posts/[id]/history                  9.03 kB         498 kB
鈹?茠 /posts/new                           5.32 kB         743 kB
鈹?茠 /profile                             177 B           106 kB
鈹?鈼?/register                            5.13 kB         257 kB
鈹?茠 /reset-password                      3.59 kB         199 kB
鈹?茠 /settings                            177 B           106 kB
鈹?茠 /settings/profile                    7.51 kB         219 kB
鈹?茠 /test-math                           2.69 kB         483 kB
鈹?茠 /trending                            7.96 kB         224 kB
鈹?鈼?/updates                             1.15 kB         120 kB
鈹?茠 /user/[id]                           8.4 kB          266 kB
+ First Load JS shared by all            106 kB
  鈹?chunks/1517-2715abe3bb57c351.js      50.7 kB
  鈹?chunks/4bd1b696-6481849d96a146fa.js  53 kB
  鈹?other shared chunks (total)          2.02 kB


茠 Middleware                             77.3 kB

鈼? (Static)   prerendered as static content
茠  (Dynamic)  server-rendered on demand

